split,extract,under_18,over_18,Total
"Alabama","men","1","2","3"
"Alabama","women","3","4","7"
"Alaska","men","2","4","6"
"Alaska","women","6","8","14"
"California","men","3","6","9"
"California","women","9","12","21"
"Nevada","men","4","8","12"
"Nevada","women","12","16","28"
"Texas","men","5","10","15"
"Texas","women","15","20","35"
